// Jest Snapshot v1, https://goo.gl/fbAQLP

exports[`ForecastSummaries matches snapshot 1`] = `
<DocumentFragment>
  <div
    class="forecast-summaries"
    data-testid="forecast-summaries"
  >
    <div
      class="forecast-summary"
      data-testid="forecast-summary"
    >
      <h2
        class="forecast-summary__date"
      >
        1525046400000
      </h2>
      <p
        class="forecast-summary__description"
      >
        Clear
      </p>
      <p
        class="forecast-summary__icon"
        data-testid="forecast-summary-icon"
      >
        800
      </p>
      <p
        class="forecast-summary__temperature"
      >
        11
      </p>
    </div>
    <div
      class="forecast-summary"
      data-testid="forecast-summary"
    >
      <h2
        class="forecast-summary__date"
      >
        1525132800000
      </h2>
      <p
        class="forecast-summary__description"
      >
        Stormy
      </p>
      <p
        class="forecast-summary__icon"
        data-testid="forecast-summary-icon"
      >
        211
      </p>
      <p
        class="forecast-summary__temperature"
      >
        13
      </p>
    </div>
    <div
      class="forecast-summary"
      data-testid="forecast-summary"
    >
      <h2
        class="forecast-summary__date"
      >
        1525219200000
      </h2>
      <p
        class="forecast-summary__description"
      >
        Heavy Snow
      </p>
      <p
        class="forecast-summary__icon"
        data-testid="forecast-summary-icon"
      >
        602
      </p>
      <p
        class="forecast-summary__temperature"
      >
        1
      </p>
    </div>
    <div
      class="forecast-summary"
      data-testid="forecast-summary"
    >
      <h2
        class="forecast-summary__date"
      >
        1525305600000
      </h2>
      <p
        class="forecast-summary__description"
      >
        Tornado
      </p>
      <p
        class="forecast-summary__icon"
        data-testid="forecast-summary-icon"
      >
        781
      </p>
      <p
        class="forecast-summary__temperature"
      >
        20
      </p>
    </div>
    <div
      class="forecast-summary"
      data-testid="forecast-summary"
    >
      <h2
        class="forecast-summary__date"
      >
        1525392000000
      </h2>
      <p
        class="forecast-summary__description"
      >
        Hazy
      </p>
      <p
        class="forecast-summary__icon"
        data-testid="forecast-summary-icon"
      >
        721
      </p>
      <p
        class="forecast-summary__temperature"
      >
        25
      </p>
    </div>
  </div>
</DocumentFragment>
`;
