// Jest Snapshot v1, https://goo.gl/fbAQLP

exports[`ForecastSummaries matches snapshot 1`] = `
<DocumentFragment>
  <div
    class="forecast-summaries"
    data-testid="forecast-summaries"
  >
    <div
      class="forecast-summary"
      data-testid="forecast-summary"
    >
      <h2
        class="forecast-summary__date"
      >
        Mon 30th Apr
      </h2>
      <p
        class="forecast-summary__description"
      >
        Clear
      </p>
      <i
        class="wi wi-day-sunny forecast-summary__icon"
        data-testid="forecast-summary-icon"
        name="owm"
      />
      <p
        class="forecast-summary__temperature"
      >
        11
      </p>
    </div>
    <div
      class="forecast-summary"
      data-testid="forecast-summary"
    >
      <h2
        class="forecast-summary__date"
      >
        Tue 1st May
      </h2>
      <p
        class="forecast-summary__description"
      >
        Stormy
      </p>
      <i
        class="wi wi-day-thunderstorm forecast-summary__icon"
        data-testid="forecast-summary-icon"
        name="owm"
      />
      <p
        class="forecast-summary__temperature"
      >
        13
      </p>
    </div>
    <div
      class="forecast-summary"
      data-testid="forecast-summary"
    >
      <h2
        class="forecast-summary__date"
      >
        Wed 2nd May
      </h2>
      <p
        class="forecast-summary__description"
      >
        Heavy Snow
      </p>
      <i
        class="wi wi-day-snow forecast-summary__icon"
        data-testid="forecast-summary-icon"
        name="owm"
      />
      <p
        class="forecast-summary__temperature"
      >
        1
      </p>
    </div>
    <div
      class="forecast-summary"
      data-testid="forecast-summary"
    >
      <h2
        class="forecast-summary__date"
      >
        Thu 3rd May
      </h2>
      <p
        class="forecast-summary__description"
      >
        Tornado
      </p>
      <i
        class="wi wi-tornado forecast-summary__icon"
        data-testid="forecast-summary-icon"
        name="owm"
      />
      <p
        class="forecast-summary__temperature"
      >
        20
      </p>
    </div>
    <div
      class="forecast-summary"
      data-testid="forecast-summary"
    >
      <h2
        class="forecast-summary__date"
      >
        Fri 4th May
      </h2>
      <p
        class="forecast-summary__description"
      >
        Hazy
      </p>
      <i
        class="wi wi-day-haze forecast-summary__icon"
        data-testid="forecast-summary-icon"
        name="owm"
      />
      <p
        class="forecast-summary__temperature"
      >
        25
      </p>
    </div>
  </div>
</DocumentFragment>
`;
