// Jest Snapshot v1, https://goo.gl/fbAQLP

exports[`WindDirectionIcon matches snapshot 1`] = `
<DocumentFragment>
  <svg
    class="wind-direction-icon"
    data-testid="wind-direction-icon"
    fill="currentColor"
    style="transform: rotate(0deg);"
    version="1.1"
    viewBox="0 0 490 490"
    x="0px"
    y="0px"
  >
    <title>
      arrow pointing north
    </title>
    <path
      d="M480.086,490L245,339.229L9.914,490L245,0L480.086,490z"
    />
  </svg>
</DocumentFragment>
`;
